
[1m[46m RUN [49m[22m [36mv4.0.16 [39m[90mC:/Users/Thanhdafa/Documents/of-copy-215---2-lam-gon-interface-batch-delete[39m

[90mstdout[2m | features/home/__tests__/HomeDiagnostic.test.tsx[2m > [22m[2mHome Tab Structure Diagnostic[2m > [22m[2mLOGS: Dashboard container structure
[22m[39m--- DASHBOARD STRUCTURE ---
Dashboard Classes: w-full max-w-7xl animate-fadeIn space-y-12 lg:space-y-16
Number of Children: [33m5[39m
Child 0: HEADER flex flex-col md:flex-row justify-between items-start md:items-center gap-6
Child 1: SECTION relative group flex flex-col items-center gap-8
Child 2: SECTION grid grid-cols-1 lg:grid-cols-12 gap-8 items-stretch
Child 3: SECTION animate-fadeIn
Child 4: SECTION grid grid-cols-1 md:grid-cols-2 gap-8 pb-32

[90mstdout[2m | features/home/__tests__/HomeDiagnostic.test.tsx[2m > [22m[2mHome Tab Structure Diagnostic[2m > [22m[2mLOGS: Hero section children
[22m[39m--- HERO SECTION ---
Hero Classes: relative group flex flex-col items-center gap-8
Hero innerHTML snippet: <div class="absolute -inset-10 bg-emerald-500/5 blur-[100px] opacity-50 group-hover:opacity-100 transition-opacity duration-1000"></div><div class="
                relative overflow-hidden rounded-[2.5rem] md:rounded-[3rem] transition-all duration-500
                backdrop-blur-xl border border-white/40 dark:border-white/10
                bg-white/60 shadow-xl shadow-emerald-900/5
                
                w-full h-[400px] sm:h-[450px] lg:h-[500px] border-none !bg-transparent !shadow

 [32mâœ“[39m features/home/__tests__/HomeDiagnostic.test.tsx [2m([22m[2m2 tests[22m[2m)[22m[33m 452[2mms[22m[39m

[2m Test Files [22m [1m[32m1 passed[39m[22m[90m (1)[39m
[2m      Tests [22m [1m[32m2 passed[39m[22m[90m (2)[39m
[2m   Start at [22m 00:44:50
[2m   Duration [22m 3.33s[2m (transform 1.15s, setup 298ms, import 1.42s, tests 452ms, environment 941ms)[22m

